{
    "reason": {
        "metadata": {
            "creationTimestamp": null
        },
        "spec": {
            "containers": null
        },
        "status": {}
    },
    "error": "cannot create definite workspace pod: unknown feature flag: 6"
}